
> nextjs-starter@0.1.0 build
> next build

   Γû▓ Next.js 15.5.9
   - Environments: .env.local

   Creating an optimized production build ...
 Γ£ô Compiled successfully in 19.2s
   Linting and checking validity of types ...
node.exe : 
At line:1 char:1
+ & "C:\Program 
Files\nodejs/node.exe" 
"C:\Program 
Files\nodejs/node_mo ...
+ ~~~~~~~~~~~~~~~~~~~~~~
~~~~~~~~~~~~~~~~~~~~~~~~
~~~~~~~~~~~~~~~~~~~~~~~
    + CategoryInfo      
        : NotSpecified: 
(:    String) [], 
RemoteExc    eption
    + 
FullyQualifiedError    
Id : NativeCommandErr   
 or
 
Failed to compile.

./components/medication/
forms/CreateMedicationFo
rm.tsx
1127:43  Error: `'` can 
be escaped with 
`&apos;`, `&lsquo;`, 
`&#39;`, `&rsquo;`.  rea
ct/no-unescaped-entities

./components/medication/
forms/EditMedicationDial
og.refactored.tsx
462:23  Error: React 
Hook "useCallback" is 
called conditionally. 
React Hooks must be 
called in the exact 
same order in every 
component render.  react
-hooks/rules-of-hooks
472:28  Error: React 
Hook "useCallback" is 
called conditionally. 
React Hooks must be 
called in the exact 
same order in every 
component render.  react
-hooks/rules-of-hooks
840:38  Error: React 
Hook "useWatch" cannot 
be called inside a 
callback. React Hooks 
must be called in a 
React function 
component or a custom 
React Hook function.  re
act-hooks/rules-of-hooks

./components/medication/
forms/EditMedicationDial
og.tsx
162:5  Warning: Unused 
eslint-disable 
directive (no problems 
were reported from 'reac
t-hooks/exhaustive-deps'
).

./components/medication/
management/StockHistoryD
ialog.tsx
62:5  Warning: Unused 
eslint-disable 
directive (no problems 
were reported from 'reac
t-hooks/exhaustive-deps'
).

info  - Need to disable 
some ESLint rules? 
Learn more here: https:/
/nextjs.org/docs/app/api
-reference/config/eslint
#disabling-rules

