// Vitest Snapshot v1, https://vitest.dev/guide/snapshot.html

exports[`permissions: role x capability matrix > matches the recorded snapshot (review any diff as a permission change) 1`] = `
{
  "canAccessStaffPage": [
    "saas_admin",
    "owner",
    "manager",
    "nurse",
  ],
  "canAddDietMenu": [
    "saas_admin",
    "owner",
    "manager",
    "nurse",
    "agency_nurse",
  ],
  "canAddLifestyleActivity": [
    "saas_admin",
    "owner",
    "manager",
    "nurse",
    "care_assistant",
    "agency_nurse",
    "agency_care_assistant",
  ],
  "canAddNightCheck": [
    "saas_admin",
    "owner",
    "manager",
    "nurse",
    "agency_nurse",
  ],
  "canCreateQuickCareNotes": [
    "saas_admin",
    "owner",
    "manager",
    "nurse",
    "agency_nurse",
  ],
  "canCreateResident": [
    "saas_admin",
    "owner",
    "manager",
    "nurse",
  ],
  "canDeleteNightCheck": [
    "saas_admin",
    "owner",
    "manager",
    "nurse",
    "agency_nurse",
  ],
  "canEditIncident": [
    "saas_admin",
    "owner",
    "manager",
    "nurse",
    "agency_nurse",
  ],
  "canEditOverview": [
    "saas_admin",
    "owner",
    "manager",
    "nurse",
    "agency_nurse",
  ],
  "canFillCareFileForms": [
    "saas_admin",
    "owner",
    "manager",
    "nurse",
    "agency_nurse",
  ],
  "canLogDailyCare": [
    "saas_admin",
    "owner",
    "manager",
    "nurse",
    "care_assistant",
    "agency_nurse",
    "agency_care_assistant",
  ],
  "canLogFoodFluidEntry": [
    "saas_admin",
    "owner",
    "manager",
    "nurse",
    "care_assistant",
    "agency_nurse",
    "agency_care_assistant",
  ],
  "canManageContractedHours": [
    "saas_admin",
    "owner",
    "manager",
  ],
  "canManageMenu": [
    "saas_admin",
    "owner",
    "manager",
    "nurse",
    "agency_nurse",
  ],
  "canManageRotaTemplatesAndRules": [
    "saas_admin",
    "owner",
    "manager",
  ],
  "canToggleApprovedNurseRole": [
    "saas_admin",
    "owner",
    "manager",
  ],
  "canToggleExternalAccess": [
    "saas_admin",
    "owner",
    "manager",
    "nurse",
  ],
  "canViewAppointments": [
    "saas_admin",
    "owner",
    "manager",
    "nurse",
    "agency_nurse",
  ],
  "canViewCareFile": [
    "saas_admin",
    "owner",
    "manager",
    "nurse",
    "agency_nurse",
  ],
  "canViewClinical": [
    "saas_admin",
    "owner",
    "manager",
    "nurse",
    "agency_nurse",
    "rqia",
  ],
  "canViewContinence": [
    "saas_admin",
    "owner",
    "manager",
    "nurse",
    "care_assistant",
    "agency_nurse",
    "agency_care_assistant",
  ],
  "canViewDocuments": [
    "saas_admin",
    "owner",
    "manager",
    "nurse",
    "agency_nurse",
  ],
  "canViewFullStaffList": [
    "saas_admin",
    "owner",
    "manager",
  ],
  "canViewHealthMonitoring": [
    "saas_admin",
    "owner",
    "manager",
    "nurse",
    "agency_nurse",
  ],
  "canViewHealthSafetyTitle": [
    "saas_admin",
    "owner",
    "manager",
    "nurse",
    "agency_nurse",
  ],
  "canViewHospitalTransfer": [
    "saas_admin",
    "owner",
    "manager",
    "nurse",
    "agency_nurse",
  ],
  "canViewIncidents": [
    "saas_admin",
    "owner",
    "manager",
    "nurse",
    "agency_nurse",
    "rqia",
  ],
  "canViewLifestyleSocial": [
    "saas_admin",
    "owner",
    "manager",
    "nurse",
    "care_assistant",
    "agency_nurse",
    "agency_care_assistant",
  ],
  "canViewMedication": [
    "saas_admin",
    "owner",
    "manager",
    "nurse",
    "agency_nurse",
  ],
  "canViewMultidisciplinaryNotes": [
    "saas_admin",
    "owner",
    "manager",
    "nurse",
    "agency_nurse",
    "mdt",
  ],
  "canViewOverview": [
    "saas_admin",
    "owner",
    "manager",
    "nurse",
    "care_assistant",
    "agency_nurse",
    "agency_care_assistant",
  ],
  "canViewProgressNotes": [
    "saas_admin",
    "owner",
    "manager",
    "nurse",
    "agency_nurse",
  ],
  "canViewSidebarActionPlans": [
    "saas_admin",
    "owner",
    "manager",
    "nurse",
    "care_assistant",
    "agency_nurse",
    "agency_care_assistant",
  ],
  "canViewSidebarAgency": [
    "saas_admin",
    "owner",
    "manager",
    "nurse",
  ],
  "canViewSidebarAppointment": [
    "saas_admin",
    "owner",
    "manager",
    "nurse",
    "agency_nurse",
  ],
  "canViewSidebarAudit": [
    "saas_admin",
    "owner",
    "manager",
  ],
  "canViewSidebarHandover": [
    "saas_admin",
    "owner",
    "manager",
    "nurse",
    "care_assistant",
    "agency_nurse",
    "agency_care_assistant",
  ],
  "canViewSidebarHome": [
    "saas_admin",
    "owner",
    "manager",
    "nurse",
    "care_assistant",
    "agency_nurse",
    "agency_care_assistant",
  ],
  "canViewSidebarIncidents": [
    "saas_admin",
    "owner",
    "manager",
    "nurse",
    "agency_nurse",
  ],
  "canViewSidebarNotification": [
    "saas_admin",
    "owner",
    "manager",
    "nurse",
    "care_assistant",
    "agency_nurse",
    "agency_care_assistant",
  ],
  "canViewSidebarResidents": [
    "saas_admin",
    "owner",
    "manager",
    "nurse",
    "care_assistant",
    "agency_nurse",
    "agency_care_assistant",
  ],
  "canViewSidebarRota": [
    "saas_admin",
    "owner",
    "manager",
    "nurse",
    "care_assistant",
  ],
  "canViewSidebarStaff": [
    "saas_admin",
    "owner",
    "manager",
    "nurse",
  ],
  "canViewStaffList": [
    "saas_admin",
    "owner",
    "manager",
  ],
  "section:appointments": [
    "saas_admin",
    "owner",
    "manager",
    "nurse",
    "agency_nurse",
  ],
  "section:care-file": [
    "saas_admin",
    "owner",
    "manager",
    "nurse",
    "agency_nurse",
  ],
  "section:checks": [
    "saas_admin",
    "owner",
    "manager",
    "nurse",
    "care_assistant",
    "agency_nurse",
    "agency_care_assistant",
    "rqia",
  ],
  "section:clinical": [
    "saas_admin",
    "owner",
    "manager",
    "nurse",
    "agency_nurse",
    "rqia",
  ],
  "section:continence": [
    "saas_admin",
    "owner",
    "manager",
    "nurse",
    "care_assistant",
    "agency_nurse",
    "agency_care_assistant",
  ],
  "section:daily-care": [
    "saas_admin",
    "owner",
    "manager",
    "nurse",
    "care_assistant",
    "agency_nurse",
    "agency_care_assistant",
  ],
  "section:documents": [
    "saas_admin",
    "owner",
    "manager",
    "nurse",
    "agency_nurse",
  ],
  "section:food-fluid": [
    "saas_admin",
    "owner",
    "manager",
    "nurse",
    "care_assistant",
    "agency_nurse",
    "agency_care_assistant",
  ],
  "section:health-monitoring": [
    "saas_admin",
    "owner",
    "manager",
    "nurse",
    "agency_nurse",
  ],
  "section:hospital-transfer": [
    "saas_admin",
    "owner",
    "manager",
    "nurse",
    "agency_nurse",
  ],
  "section:incidents": [
    "saas_admin",
    "owner",
    "manager",
    "nurse",
    "agency_nurse",
    "rqia",
  ],
  "section:lifestyle-social": [
    "saas_admin",
    "owner",
    "manager",
    "nurse",
    "care_assistant",
    "agency_nurse",
    "agency_care_assistant",
  ],
  "section:medication": [
    "saas_admin",
    "owner",
    "manager",
    "nurse",
    "agency_nurse",
  ],
  "section:multidisciplinary-note": [
    "saas_admin",
    "owner",
    "manager",
    "nurse",
    "agency_nurse",
    "mdt",
  ],
  "section:overview": [
    "saas_admin",
    "owner",
    "manager",
    "nurse",
    "care_assistant",
    "agency_nurse",
    "agency_care_assistant",
  ],
  "section:progress-notes": [
    "saas_admin",
    "owner",
    "manager",
    "nurse",
    "agency_nurse",
  ],
  "section:wounds": [
    "saas_admin",
    "owner",
    "manager",
    "nurse",
    "agency_nurse",
    "rqia",
  ],
}
`;
